// Jest Snapshot v1, https://goo.gl/fbAQLP

exports[`ForecastSummary renders correctly 1`] = `
<DocumentFragment>
  <div>
    <div
      class="date"
      data-testid="date-id"
    >
      Mon 30th Apr
    </div>
    <div
      class="temperature"
      data-testid="temperature-id"
    >
      mockTemperatureÂ°c
    </div>
    <div
      class="description"
      data-testid="description-id"
    >
      mockDescription
    </div>
    <i
      class="wi wi-day-sunny icon"
      data-testid="icon-id"
      name="owm"
    />
    <button
      value="1525046400000"
    >
      More Details
    </button>
  </div>
</DocumentFragment>
`;